server.ts(6,24): error TS2307: Cannot find module 'nodemailer' or its corresponding type declarations.
server.ts(7,20): error TS2307: Cannot find module 'dotenv' or its corresponding type declarations.
server.ts(98,38): error TS2307: Cannot find module 'twilio' or its corresponding type declarations.
src/components/Chat.tsx(4,27): error TS2307: Cannot find module 'react-markdown' or its corresponding type declarations.
vite.config.ts(1,25): error TS2307: Cannot find module '@tailwindcss/vite' or its corresponding type declarations.
vite.config.ts(2,19): error TS2307: Cannot find module '@vitejs/plugin-react' or its corresponding type declarations.
